---
source: rust/foxglove/src/websocket/ws_protocol/server/server_info.rs
assertion_line: 149
expression: message_full()
---
{
  "op": "serverInfo",
  "name": "example server",
  "capabilities": [
    "clientPublish",
    "time",
    "rangedPlayback",
    "rangedPlayback"
  ],
  "supportedEncodings": [
    "json"
  ],
  "metadata": {
    "key": "value"
  },
  "sessionId": "1675789422160",
  "dataStartTime": 1000000,
  "dataEndTime": 1000005
}
