---
source: rust/foxglove/src/websocket/ws_protocol/server/server_info.rs
assertion_line: 152
expression: message_full()
---
{
  "op": "serverInfo",
  "name": "example server",
  "capabilities": [
    "clientPublish",
    "time",
    "rangedPlayback"
  ],
  "supportedEncodings": [
    "json"
  ],
  "metadata": {
    "key": "value"
  },
  "sessionId": "1675789422160",
  "dataStartTime": {
    "sec": 1000000,
    "nsec": 0
  },
  "dataEndTime": {
    "sec": 1000005,
    "nsec": 0
  }
}
